[INFO] Scanning for projects...
[INFO] 
[INFO] ----------------------< com.eventmanager:backend >----------------------
[INFO] Building backend 0.0.1-SNAPSHOT
[INFO]   from pom.xml
[INFO] --------------------------------[ jar ]---------------------------------
[INFO] 
[INFO] --- resources:3.3.1:resources (default-resources) @ backend ---
[INFO] Copying 1 resource from src\main\resources to target\classes
[INFO] Copying 4 resources from src\main\resources to target\classes
[INFO] 
[INFO] --- compiler:3.11.0:compile (default-compile) @ backend ---
[INFO] Changes detected - recompiling the module! :source
[INFO] Compiling 235 source files with javac [debug release 17] to target\classes
[INFO] -------------------------------------------------------------
[ERROR] COMPILATION ERROR : 
[INFO] -------------------------------------------------------------
[ERROR] /C:/Event Managemnt system/smart-intercollege-event-hackathon-manager/smart-intercollege-event-hackathon-manager/backend/src/main/java/com/eventmanager/repository/ClubCertificateRepository.java:[12,5] cannot find symbol
  symbol:   class Optional
  location: interface com.eventmanager.repository.ClubCertificateRepository
[INFO] 1 error
[INFO] -------------------------------------------------------------
[INFO] ------------------------------------------------------------------------
[INFO] BUILD FAILURE
[INFO] ------------------------------------------------------------------------
[INFO] Total time:  4.699 s
[INFO] Finished at: 2026-02-17T18:29:59+05:30
[INFO] ------------------------------------------------------------------------
[ERROR] Failed to execute goal org.apache.maven.plugins:maven-compiler-plugin:3.11.0:compile (default-compile) on project backend: Compilation failure
[ERROR] /C:/Event Managemnt system/smart-intercollege-event-hackathon-manager/smart-intercollege-event-hackathon-manager/backend/src/main/java/com/eventmanager/repository/ClubCertificateRepository.java:[12,5] cannot find symbol
[ERROR]   symbol:   class Optional
[ERROR]   location: interface com.eventmanager.repository.ClubCertificateRepository
[ERROR] 
[ERROR] -> [Help 1]
[ERROR] 
[ERROR] To see the full stack trace of the errors, re-run Maven with the -e switch.
[ERROR] Re-run Maven using the -X switch to enable full debug logging.
[ERROR] 
[ERROR] For more information about the errors and possible solutions, please read the following articles:
[ERROR] [Help 1] http://cwiki.apache.org/confluence/display/MAVEN/MojoFailureException
